00:05.328  render           | Saved: 'R:\Onedrive\1864-Campaign\SourceAssets\InfantryCombat\Preview\Idle\0000.png'
00:05.406  render           | Saved: 'R:\Onedrive\1864-Campaign\SourceAssets\InfantryCombat\Preview\Idle\0001.png'
00:05.468  render           | Saved: 'R:\Onedrive\1864-Campaign\SourceAssets\InfantryCombat\Preview\Idle\0002.png'
00:05.562  render           | Saved: 'R:\Onedrive\1864-Campaign\SourceAssets\InfantryCombat\Preview\Idle\0003.png'
00:05.625  render           | Saved: 'R:\Onedrive\1864-Campaign\SourceAssets\InfantryCombat\Preview\Idle\0004.png'
00:05.921  render           | Saved: 'R:\Onedrive\1864-Campaign\SourceAssets\InfantryCombat\Preview\Idle\0005.png'
00:06.000  render           | Saved: 'R:\Onedrive\1864-Campaign\SourceAssets\InfantryCombat\Preview\Idle\0006.png'
00:06.062  render           | Saved: 'R:\Onedrive\1864-Campaign\SourceAssets\InfantryCombat\Preview\Idle\0007.png'
00:06.140  render           | Saved: 'R:\Onedrive\1864-Campaign\SourceAssets\InfantryCombat\Preview\Idle\0008.png'
00:06.218  render           | Saved: 'R:\Onedrive\1864-Campaign\SourceAssets\InfantryCombat\Preview\Idle\0009.png'
00:06.296  render           | Saved: 'R:\Onedrive\1864-Campaign\SourceAssets\InfantryCombat\Preview\Idle\0010.png'
00:06.375  render           | Saved: 'R:\Onedrive\1864-Campaign\SourceAssets\InfantryCombat\Preview\Idle\0011.png'
00:06.437  render           | Saved: 'R:\Onedrive\1864-Campaign\SourceAssets\InfantryCombat\Preview\Idle\0012.png'
00:06.515  render           | Saved: 'R:\Onedrive\1864-Campaign\SourceAssets\InfantryCombat\Preview\Idle\0013.png'
00:06.593  render           | Saved: 'R:\Onedrive\1864-Campaign\SourceAssets\InfantryCombat\Preview\Idle\0014.png'
00:06.671  render           | Saved: 'R:\Onedrive\1864-Campaign\SourceAssets\InfantryCombat\Preview\Idle\0015.png'
00:06.750  render           | Saved: 'R:\Onedrive\1864-Campaign\SourceAssets\InfantryCombat\Preview\Idle\0016.png'
00:06.828  render           | Saved: 'R:\Onedrive\1864-Campaign\SourceAssets\InfantryCombat\Preview\Idle\0017.png'
00:06.906  render           | Saved: 'R:\Onedrive\1864-Campaign\SourceAssets\InfantryCombat\Preview\Idle\0018.png'
00:06.968  render           | Saved: 'R:\Onedrive\1864-Campaign\SourceAssets\InfantryCombat\Preview\Idle\0019.png'
00:07.093  render           | Saved: 'R:\Onedrive\1864-Campaign\SourceAssets\InfantryCombat\Preview\Idle\0020.png'
00:07.171  render           | Saved: 'R:\Onedrive\1864-Campaign\SourceAssets\InfantryCombat\Preview\Idle\0021.png'
00:07.250  render           | Saved: 'R:\Onedrive\1864-Campaign\SourceAssets\InfantryCombat\Preview\Idle\0022.png'
00:07.328  render           | Saved: 'R:\Onedrive\1864-Campaign\SourceAssets\InfantryCombat\Preview\Idle\0023.png'
00:07.406  render           | Saved: 'R:\Onedrive\1864-Campaign\SourceAssets\InfantryCombat\Preview\Idle\0024.png'
00:07.484  render           | Saved: 'R:\Onedrive\1864-Campaign\SourceAssets\InfantryCombat\Preview\Idle\0025.png'
00:07.562  render           | Saved: 'R:\Onedrive\1864-Campaign\SourceAssets\InfantryCombat\Preview\Idle\0026.png'
00:07.640  render           | Saved: 'R:\Onedrive\1864-Campaign\SourceAssets\InfantryCombat\Preview\Idle\0027.png'
00:07.703  render           | Saved: 'R:\Onedrive\1864-Campaign\SourceAssets\InfantryCombat\Preview\Idle\0028.png'
00:07.781  render           | Saved: 'R:\Onedrive\1864-Campaign\SourceAssets\InfantryCombat\Preview\Idle\0029.png'
00:07.859  render           | Saved: 'R:\Onedrive\1864-Campaign\SourceAssets\InfantryCombat\Preview\Idle\0030.png'
00:07.937  render           | Saved: 'R:\Onedrive\1864-Campaign\SourceAssets\InfantryCombat\Preview\Idle\0031.png'
00:08.015  render           | Saved: 'R:\Onedrive\1864-Campaign\SourceAssets\InfantryCombat\Preview\Idle\0032.png'
00:08.078  render           | Saved: 'R:\Onedrive\1864-Campaign\SourceAssets\InfantryCombat\Preview\Idle\0033.png'
00:08.171  render           | Saved: 'R:\Onedrive\1864-Campaign\SourceAssets\InfantryCombat\Preview\Idle\0034.png'
00:08.250  render           | Saved: 'R:\Onedrive\1864-Campaign\SourceAssets\InfantryCombat\Preview\Idle\0035.png'
00:08.375  render           | Saved: 'R:\Onedrive\1864-Campaign\SourceAssets\InfantryCombat\Preview\Idle\0036.png'
00:08.453  render           | Saved: 'R:\Onedrive\1864-Campaign\SourceAssets\InfantryCombat\Preview\Idle\0037.png'
00:08.703  render           | Saved: 'R:\Onedrive\1864-Campaign\SourceAssets\InfantryCombat\Preview\Idle\0038.png'
00:08.796  render           | Saved: 'R:\Onedrive\1864-Campaign\SourceAssets\InfantryCombat\Preview\Idle\0039.png'
00:08.875  render           | Saved: 'R:\Onedrive\1864-Campaign\SourceAssets\InfantryCombat\Preview\Idle\0040.png'
00:08.968  render           | Saved: 'R:\Onedrive\1864-Campaign\SourceAssets\InfantryCombat\Preview\Idle\0041.png'
00:09.046  render           | Saved: 'R:\Onedrive\1864-Campaign\SourceAssets\InfantryCombat\Preview\Idle\0042.png'
00:09.125  render           | Saved: 'R:\Onedrive\1864-Campaign\SourceAssets\InfantryCombat\Preview\Idle\0043.png'
00:09.296  render           | Saved: 'R:\Onedrive\1864-Campaign\SourceAssets\InfantryCombat\Preview\Idle\0044.png'
00:09.375  render           | Saved: 'R:\Onedrive\1864-Campaign\SourceAssets\InfantryCombat\Preview\Idle\0045.png'
00:09.468  render           | Saved: 'R:\Onedrive\1864-Campaign\SourceAssets\InfantryCombat\Preview\Idle\0046.png'
00:09.562  render           | Saved: 'R:\Onedrive\1864-Campaign\SourceAssets\InfantryCombat\Preview\Idle\0047.png'
00:09.656  render           | Saved: 'R:\Onedrive\1864-Campaign\SourceAssets\InfantryCombat\Preview\Idle\0048.png'
00:09.734  render           | Saved: 'R:\Onedrive\1864-Campaign\SourceAssets\InfantryCombat\Preview\Idle\0049.png'
00:09.828  render           | Saved: 'R:\Onedrive\1864-Campaign\SourceAssets\InfantryCombat\Preview\Idle\0050.png'
00:09.906  render           | Saved: 'R:\Onedrive\1864-Campaign\SourceAssets\InfantryCombat\Preview\Idle\0051.png'
00:10.000  render           | Saved: 'R:\Onedrive\1864-Campaign\SourceAssets\InfantryCombat\Preview\Idle\0052.png'
00:10.093  render           | Saved: 'R:\Onedrive\1864-Campaign\SourceAssets\InfantryCombat\Preview\Idle\0053.png'
00:10.171  render           | Saved: 'R:\Onedrive\1864-Campaign\SourceAssets\InfantryCombat\Preview\Idle\0054.png'
00:10.265  render           | Saved: 'R:\Onedrive\1864-Campaign\SourceAssets\InfantryCombat\Preview\Idle\0055.png'
00:10.375  render           | Saved: 'R:\Onedrive\1864-Campaign\SourceAssets\InfantryCombat\Preview\Idle\0056.png'
00:10.468  render           | Saved: 'R:\Onedrive\1864-Campaign\SourceAssets\InfantryCombat\Preview\Idle\0057.png'
00:10.546  render           | Saved: 'R:\Onedrive\1864-Campaign\SourceAssets\InfantryCombat\Preview\Idle\0058.png'
00:10.640  render           | Saved: 'R:\Onedrive\1864-Campaign\SourceAssets\InfantryCombat\Preview\Idle\0059.png'
FBX version: 7400
FBX version: 7400
FBX version: 7400
FBX version: 7400
FBX version: 7400
FBX version: 7400
FBX version: 7400
FBX version: 7400
FBX version: 7700
PREVIEW_COMPLETE Idle
00:10.718  render           | Saved: 'R:\Onedrive\1864-Campaign\SourceAssets\InfantryCombat\Preview\Walk\0000.png'
00:10.812  render           | Saved: 'R:\Onedrive\1864-Campaign\SourceAssets\InfantryCombat\Preview\Walk\0001.png'
00:10.890  render           | Saved: 'R:\Onedrive\1864-Campaign\SourceAssets\InfantryCombat\Preview\Walk\0002.png'
00:11.000  render           | Saved: 'R:\Onedrive\1864-Campaign\SourceAssets\InfantryCombat\Preview\Walk\0003.png'
00:11.093  render           | Saved: 'R:\Onedrive\1864-Campaign\SourceAssets\InfantryCombat\Preview\Walk\0004.png'
00:11.171  render           | Saved: 'R:\Onedrive\1864-Campaign\SourceAssets\InfantryCombat\Preview\Walk\0005.png'
00:11.312  render           | Saved: 'R:\Onedrive\1864-Campaign\SourceAssets\InfantryCombat\Preview\Walk\0006.png'
00:11.500  render           | Saved: 'R:\Onedrive\1864-Campaign\SourceAssets\InfantryCombat\Preview\Walk\0007.png'
00:11.578  render           | Saved: 'R:\Onedrive\1864-Campaign\SourceAssets\InfantryCombat\Preview\Walk\0008.png'
00:11.656  render           | Saved: 'R:\Onedrive\1864-Campaign\SourceAssets\InfantryCombat\Preview\Walk\0009.png'
00:11.750  render           | Saved: 'R:\Onedrive\1864-Campaign\SourceAssets\InfantryCombat\Preview\Walk\0010.png'
00:11.875  render           | Saved: 'R:\Onedrive\1864-Campaign\SourceAssets\InfantryCombat\Preview\Walk\0011.png'
00:11.968  render           | Saved: 'R:\Onedrive\1864-Campaign\SourceAssets\InfantryCombat\Preview\Walk\0012.png'
00:12.046  render           | Saved: 'R:\Onedrive\1864-Campaign\SourceAssets\InfantryCombat\Preview\Walk\0013.png'
PREVIEW_COMPLETE Walk
00:12.140  render           | Saved: 'R:\Onedrive\1864-Campaign\SourceAssets\InfantryCombat\Preview\Aim\0000.png'
00:12.234  render           | Saved: 'R:\Onedrive\1864-Campaign\SourceAssets\InfantryCombat\Preview\Aim\0001.png'
00:12.312  render           | Saved: 'R:\Onedrive\1864-Campaign\SourceAssets\InfantryCombat\Preview\Aim\0002.png'
00:12.390  render           | Saved: 'R:\Onedrive\1864-Campaign\SourceAssets\InfantryCombat\Preview\Aim\0003.png'
00:12.515  render           | Saved: 'R:\Onedrive\1864-Campaign\SourceAssets\InfantryCombat\Preview\Aim\0004.png'
00:12.609  render           | Saved: 'R:\Onedrive\1864-Campaign\SourceAssets\InfantryCombat\Preview\Aim\0005.png'
00:12.703  render           | Saved: 'R:\Onedrive\1864-Campaign\SourceAssets\InfantryCombat\Preview\Aim\0006.png'
00:12.781  render           | Saved: 'R:\Onedrive\1864-Campaign\SourceAssets\InfantryCombat\Preview\Aim\0007.png'
00:12.859  render           | Saved: 'R:\Onedrive\1864-Campaign\SourceAssets\InfantryCombat\Preview\Aim\0008.png'
00:12.937  render           | Saved: 'R:\Onedrive\1864-Campaign\SourceAssets\InfantryCombat\Preview\Aim\0009.png'
00:13.031  render           | Saved: 'R:\Onedrive\1864-Campaign\SourceAssets\InfantryCombat\Preview\Aim\0010.png'
00:13.109  render           | Saved: 'R:\Onedrive\1864-Campaign\SourceAssets\InfantryCombat\Preview\Aim\0011.png'
00:13.234  render           | Saved: 'R:\Onedrive\1864-Campaign\SourceAssets\InfantryCombat\Preview\Aim\0012.png'
00:13.312  render           | Saved: 'R:\Onedrive\1864-Campaign\SourceAssets\InfantryCombat\Preview\Aim\0013.png'
00:13.390  render           | Saved: 'R:\Onedrive\1864-Campaign\SourceAssets\InfantryCombat\Preview\Aim\0014.png'
00:13.468  render           | Saved: 'R:\Onedrive\1864-Campaign\SourceAssets\InfantryCombat\Preview\Aim\0015.png'
00:13.687  render           | Saved: 'R:\Onedrive\1864-Campaign\SourceAssets\InfantryCombat\Preview\Aim\0016.png'
00:13.765  render           | Saved: 'R:\Onedrive\1864-Campaign\SourceAssets\InfantryCombat\Preview\Aim\0017.png'
00:13.859  render           | Saved: 'R:\Onedrive\1864-Campaign\SourceAssets\InfantryCombat\Preview\Aim\0018.png'
00:13.937  render           | Saved: 'R:\Onedrive\1864-Campaign\SourceAssets\InfantryCombat\Preview\Aim\0019.png'
00:14.046  render           | Saved: 'R:\Onedrive\1864-Campaign\SourceAssets\InfantryCombat\Preview\Aim\0020.png'
00:14.140  render           | Saved: 'R:\Onedrive\1864-Campaign\SourceAssets\InfantryCombat\Preview\Aim\0021.png'
00:14.281  render           | Saved: 'R:\Onedrive\1864-Campaign\SourceAssets\InfantryCombat\Preview\Aim\0022.png'
00:14.375  render           | Saved: 'R:\Onedrive\1864-Campaign\SourceAssets\InfantryCombat\Preview\Aim\0023.png'
00:14.453  render           | Saved: 'R:\Onedrive\1864-Campaign\SourceAssets\InfantryCombat\Preview\Aim\0024.png'
00:14.531  render           | Saved: 'R:\Onedrive\1864-Campaign\SourceAssets\InfantryCombat\Preview\Aim\0025.png'
00:14.609  render           | Saved: 'R:\Onedrive\1864-Campaign\SourceAssets\InfantryCombat\Preview\Aim\0026.png'
00:14.703  render           | Saved: 'R:\Onedrive\1864-Campaign\SourceAssets\InfantryCombat\Preview\Aim\0027.png'
00:14.812  render           | Saved: 'R:\Onedrive\1864-Campaign\SourceAssets\InfantryCombat\Preview\Aim\0028.png'
00:14.890  render           | Saved: 'R:\Onedrive\1864-Campaign\SourceAssets\InfantryCombat\Preview\Aim\0029.png'
00:14.968  render           | Saved: 'R:\Onedrive\1864-Campaign\SourceAssets\InfantryCombat\Preview\Aim\0030.png'
00:15.046  render           | Saved: 'R:\Onedrive\1864-Campaign\SourceAssets\InfantryCombat\Preview\Aim\0031.png'
PREVIEW_COMPLETE Aim
00:15.171  render           | Saved: 'R:\Onedrive\1864-Campaign\SourceAssets\InfantryCombat\Preview\Fire\0000.png'
00:15.250  render           | Saved: 'R:\Onedrive\1864-Campaign\SourceAssets\InfantryCombat\Preview\Fire\0001.png'
00:15.328  render           | Saved: 'R:\Onedrive\1864-Campaign\SourceAssets\InfantryCombat\Preview\Fire\0002.png'
00:15.406  render           | Saved: 'R:\Onedrive\1864-Campaign\SourceAssets\InfantryCombat\Preview\Fire\0003.png'
00:15.484  render           | Saved: 'R:\Onedrive\1864-Campaign\SourceAssets\InfantryCombat\Preview\Fire\0004.png'
00:15.562  render           | Saved: 'R:\Onedrive\1864-Campaign\SourceAssets\InfantryCombat\Preview\Fire\0005.png'
00:15.656  render           | Saved: 'R:\Onedrive\1864-Campaign\SourceAssets\InfantryCombat\Preview\Fire\0006.png'
00:15.734  render           | Saved: 'R:\Onedrive\1864-Campaign\SourceAssets\InfantryCombat\Preview\Fire\0007.png'
00:15.828  render           | Saved: 'R:\Onedrive\1864-Campaign\SourceAssets\InfantryCombat\Preview\Fire\0008.png'
00:15.906  render           | Saved: 'R:\Onedrive\1864-Campaign\SourceAssets\InfantryCombat\Preview\Fire\0009.png'
00:15.984  render           | Saved: 'R:\Onedrive\1864-Campaign\SourceAssets\InfantryCombat\Preview\Fire\0010.png'
00:16.078  render           | Saved: 'R:\Onedrive\1864-Campaign\SourceAssets\InfantryCombat\Preview\Fire\0011.png'
PREVIEW_COMPLETE Fire
00:16.156  render           | Saved: 'R:\Onedrive\1864-Campaign\SourceAssets\InfantryCombat\Preview\DeathFront\0000.png'
00:16.250  render           | Saved: 'R:\Onedrive\1864-Campaign\SourceAssets\InfantryCombat\Preview\DeathFront\0001.png'
00:16.375  render           | Saved: 'R:\Onedrive\1864-Campaign\SourceAssets\InfantryCombat\Preview\DeathFront\0002.png'
00:16.453  render           | Saved: 'R:\Onedrive\1864-Campaign\SourceAssets\InfantryCombat\Preview\DeathFront\0003.png'
00:16.546  render           | Saved: 'R:\Onedrive\1864-Campaign\SourceAssets\InfantryCombat\Preview\DeathFront\0004.png'
00:16.625  render           | Saved: 'R:\Onedrive\1864-Campaign\SourceAssets\InfantryCombat\Preview\DeathFront\0005.png'
00:16.718  render           | Saved: 'R:\Onedrive\1864-Campaign\SourceAssets\InfantryCombat\Preview\DeathFront\0006.png'
00:16.812  render           | Saved: 'R:\Onedrive\1864-Campaign\SourceAssets\InfantryCombat\Preview\DeathFront\0007.png'
00:16.890  render           | Saved: 'R:\Onedrive\1864-Campaign\SourceAssets\InfantryCombat\Preview\DeathFront\0008.png'
00:16.968  render           | Saved: 'R:\Onedrive\1864-Campaign\SourceAssets\InfantryCombat\Preview\DeathFront\0009.png'
00:17.093  render           | Saved: 'R:\Onedrive\1864-Campaign\SourceAssets\InfantryCombat\Preview\DeathFront\0010.png'
00:17.171  render           | Saved: 'R:\Onedrive\1864-Campaign\SourceAssets\InfantryCombat\Preview\DeathFront\0011.png'
00:17.250  render           | Saved: 'R:\Onedrive\1864-Campaign\SourceAssets\InfantryCombat\Preview\DeathFront\0012.png'
00:17.343  render           | Saved: 'R:\Onedrive\1864-Campaign\SourceAssets\InfantryCombat\Preview\DeathFront\0013.png'
00:17.437  render           | Saved: 'R:\Onedrive\1864-Campaign\SourceAssets\InfantryCombat\Preview\DeathFront\0014.png'
00:17.515  render           | Saved: 'R:\Onedrive\1864-Campaign\SourceAssets\InfantryCombat\Preview\DeathFront\0015.png'
00:17.593  render           | Saved: 'R:\Onedrive\1864-Campaign\SourceAssets\InfantryCombat\Preview\DeathFront\0016.png'
00:17.671  render           | Saved: 'R:\Onedrive\1864-Campaign\SourceAssets\InfantryCombat\Preview\DeathFront\0017.png'
00:17.812  render           | Saved: 'R:\Onedrive\1864-Campaign\SourceAssets\InfantryCombat\Preview\DeathFront\0018.png'
00:17.890  render           | Saved: 'R:\Onedrive\1864-Campaign\SourceAssets\InfantryCombat\Preview\DeathFront\0019.png'
00:18.031  render           | Saved: 'R:\Onedrive\1864-Campaign\SourceAssets\InfantryCombat\Preview\DeathFront\0020.png'
00:18.093  render           | Saved: 'R:\Onedrive\1864-Campaign\SourceAssets\InfantryCombat\Preview\DeathFront\0021.png'
00:18.203  render           | Saved: 'R:\Onedrive\1864-Campaign\SourceAssets\InfantryCombat\Preview\DeathFront\0022.png'
00:18.281  render           | Saved: 'R:\Onedrive\1864-Campaign\SourceAssets\InfantryCombat\Preview\DeathFront\0023.png'
00:18.359  render           | Saved: 'R:\Onedrive\1864-Campaign\SourceAssets\InfantryCombat\Preview\DeathFront\0024.png'
00:18.437  render           | Saved: 'R:\Onedrive\1864-Campaign\SourceAssets\InfantryCombat\Preview\DeathFront\0025.png'
00:18.531  render           | Saved: 'R:\Onedrive\1864-Campaign\SourceAssets\InfantryCombat\Preview\DeathFront\0026.png'
00:18.593  render           | Saved: 'R:\Onedrive\1864-Campaign\SourceAssets\InfantryCombat\Preview\DeathFront\0027.png'
00:18.671  render           | Saved: 'R:\Onedrive\1864-Campaign\SourceAssets\InfantryCombat\Preview\DeathFront\0028.png'
00:18.750  render           | Saved: 'R:\Onedrive\1864-Campaign\SourceAssets\InfantryCombat\Preview\DeathFront\0029.png'
00:18.859  render           | Saved: 'R:\Onedrive\1864-Campaign\SourceAssets\InfantryCombat\Preview\DeathFront\0030.png'
00:18.937  render           | Saved: 'R:\Onedrive\1864-Campaign\SourceAssets\InfantryCombat\Preview\DeathFront\0031.png'
00:19.031  render           | Saved: 'R:\Onedrive\1864-Campaign\SourceAssets\InfantryCombat\Preview\DeathFront\0032.png'
00:19.109  render           | Saved: 'R:\Onedrive\1864-Campaign\SourceAssets\InfantryCombat\Preview\DeathFront\0033.png'
00:19.187  render           | Saved: 'R:\Onedrive\1864-Campaign\SourceAssets\InfantryCombat\Preview\DeathFront\0034.png'
PREVIEW_COMPLETE DeathFront
00:19.281  render           | Saved: 'R:\Onedrive\1864-Campaign\SourceAssets\InfantryCombat\Preview\DeathHeadshot\0000.png'
00:19.375  render           | Saved: 'R:\Onedrive\1864-Campaign\SourceAssets\InfantryCombat\Preview\DeathHeadshot\0001.png'
00:19.453  render           | Saved: 'R:\Onedrive\1864-Campaign\SourceAssets\InfantryCombat\Preview\DeathHeadshot\0002.png'
00:19.546  render           | Saved: 'R:\Onedrive\1864-Campaign\SourceAssets\InfantryCombat\Preview\DeathHeadshot\0003.png'
00:19.625  render           | Saved: 'R:\Onedrive\1864-Campaign\SourceAssets\InfantryCombat\Preview\DeathHeadshot\0004.png'
00:19.718  render           | Saved: 'R:\Onedrive\1864-Campaign\SourceAssets\InfantryCombat\Preview\DeathHeadshot\0005.png'
00:19.812  render           | Saved: 'R:\Onedrive\1864-Campaign\SourceAssets\InfantryCombat\Preview\DeathHeadshot\0006.png'
00:19.906  render           | Saved: 'R:\Onedrive\1864-Campaign\SourceAssets\InfantryCombat\Preview\DeathHeadshot\0007.png'
00:20.000  render           | Saved: 'R:\Onedrive\1864-Campaign\SourceAssets\InfantryCombat\Preview\DeathHeadshot\0008.png'
00:20.093  render           | Saved: 'R:\Onedrive\1864-Campaign\SourceAssets\InfantryCombat\Preview\DeathHeadshot\0009.png'
00:20.250  render           | Saved: 'R:\Onedrive\1864-Campaign\SourceAssets\InfantryCombat\Preview\DeathHeadshot\0010.png'
00:20.343  render           | Saved: 'R:\Onedrive\1864-Campaign\SourceAssets\InfantryCombat\Preview\DeathHeadshot\0011.png'
00:20.421  render           | Saved: 'R:\Onedrive\1864-Campaign\SourceAssets\InfantryCombat\Preview\DeathHeadshot\0012.png'
00:20.500  render           | Saved: 'R:\Onedrive\1864-Campaign\SourceAssets\InfantryCombat\Preview\DeathHeadshot\0013.png'
00:20.609  render           | Saved: 'R:\Onedrive\1864-Campaign\SourceAssets\InfantryCombat\Preview\DeathHeadshot\0014.png'
00:20.687  render           | Saved: 'R:\Onedrive\1864-Campaign\SourceAssets\InfantryCombat\Preview\DeathHeadshot\0015.png'
00:20.812  render           | Saved: 'R:\Onedrive\1864-Campaign\SourceAssets\InfantryCombat\Preview\DeathHeadshot\0016.png'
00:20.890  render           | Saved: 'R:\Onedrive\1864-Campaign\SourceAssets\InfantryCombat\Preview\DeathHeadshot\0017.png'
00:20.968  render           | Saved: 'R:\Onedrive\1864-Campaign\SourceAssets\InfantryCombat\Preview\DeathHeadshot\0018.png'
00:21.062  render           | Saved: 'R:\Onedrive\1864-Campaign\SourceAssets\InfantryCombat\Preview\DeathHeadshot\0019.png'
00:21.140  render           | Saved: 'R:\Onedrive\1864-Campaign\SourceAssets\InfantryCombat\Preview\DeathHeadshot\0020.png'
00:21.218  render           | Saved: 'R:\Onedrive\1864-Campaign\SourceAssets\InfantryCombat\Preview\DeathHeadshot\0021.png'
00:21.343  render           | Saved: 'R:\Onedrive\1864-Campaign\SourceAssets\InfantryCombat\Preview\DeathHeadshot\0022.png'
00:21.421  render           | Saved: 'R:\Onedrive\1864-Campaign\SourceAssets\InfantryCombat\Preview\DeathHeadshot\0023.png'
00:21.500  render           | Saved: 'R:\Onedrive\1864-Campaign\SourceAssets\InfantryCombat\Preview\DeathHeadshot\0024.png'
00:21.578  render           | Saved: 'R:\Onedrive\1864-Campaign\SourceAssets\InfantryCombat\Preview\DeathHeadshot\0025.png'
00:21.687  render           | Saved: 'R:\Onedrive\1864-Campaign\SourceAssets\InfantryCombat\Preview\DeathHeadshot\0026.png'
00:21.781  render           | Saved: 'R:\Onedrive\1864-Campaign\SourceAssets\InfantryCombat\Preview\DeathHeadshot\0027.png'
00:21.859  render           | Saved: 'R:\Onedrive\1864-Campaign\SourceAssets\InfantryCombat\Preview\DeathHeadshot\0028.png'
PREVIEW_COMPLETE DeathHeadshot
00:21.937  render           | Saved: 'R:\Onedrive\1864-Campaign\SourceAssets\InfantryCombat\Preview\DeathBack\0000.png'
00:22.078  render           | Saved: 'R:\Onedrive\1864-Campaign\SourceAssets\InfantryCombat\Preview\DeathBack\0001.png'
00:22.171  render           | Saved: 'R:\Onedrive\1864-Campaign\SourceAssets\InfantryCombat\Preview\DeathBack\0002.png'
00:22.265  render           | Saved: 'R:\Onedrive\1864-Campaign\SourceAssets\InfantryCombat\Preview\DeathBack\0003.png'
00:22.578  render           | Saved: 'R:\Onedrive\1864-Campaign\SourceAssets\InfantryCombat\Preview\DeathBack\0004.png'
00:22.687  render           | Saved: 'R:\Onedrive\1864-Campaign\SourceAssets\InfantryCombat\Preview\DeathBack\0005.png'
00:22.843  render           | Saved: 'R:\Onedrive\1864-Campaign\SourceAssets\InfantryCombat\Preview\DeathBack\0006.png'
00:22.937  render           | Saved: 'R:\Onedrive\1864-Campaign\SourceAssets\InfantryCombat\Preview\DeathBack\0007.png'
00:23.109  render           | Saved: 'R:\Onedrive\1864-Campaign\SourceAssets\InfantryCombat\Preview\DeathBack\0008.png'
00:23.203  render           | Saved: 'R:\Onedrive\1864-Campaign\SourceAssets\InfantryCombat\Preview\DeathBack\0009.png'
00:23.296  render           | Saved: 'R:\Onedrive\1864-Campaign\SourceAssets\InfantryCombat\Preview\DeathBack\0010.png'
00:23.375  render           | Saved: 'R:\Onedrive\1864-Campaign\SourceAssets\InfantryCombat\Preview\DeathBack\0011.png'
00:23.468  render           | Saved: 'R:\Onedrive\1864-Campaign\SourceAssets\InfantryCombat\Preview\DeathBack\0012.png'
00:23.578  render           | Saved: 'R:\Onedrive\1864-Campaign\SourceAssets\InfantryCombat\Preview\DeathBack\0013.png'
00:23.671  render           | Saved: 'R:\Onedrive\1864-Campaign\SourceAssets\InfantryCombat\Preview\DeathBack\0014.png'
00:23.765  render           | Saved: 'R:\Onedrive\1864-Campaign\SourceAssets\InfantryCombat\Preview\DeathBack\0015.png'
00:23.859  render           | Saved: 'R:\Onedrive\1864-Campaign\SourceAssets\InfantryCombat\Preview\DeathBack\0016.png'
00:23.953  render           | Saved: 'R:\Onedrive\1864-Campaign\SourceAssets\InfantryCombat\Preview\DeathBack\0017.png'
00:24.031  render           | Saved: 'R:\Onedrive\1864-Campaign\SourceAssets\InfantryCombat\Preview\DeathBack\0018.png'
00:24.125  render           | Saved: 'R:\Onedrive\1864-Campaign\SourceAssets\InfantryCombat\Preview\DeathBack\0019.png'
00:24.234  render           | Saved: 'R:\Onedrive\1864-Campaign\SourceAssets\InfantryCombat\Preview\DeathBack\0020.png'
00:24.328  render           | Saved: 'R:\Onedrive\1864-Campaign\SourceAssets\InfantryCombat\Preview\DeathBack\0021.png'
00:24.421  render           | Saved: 'R:\Onedrive\1864-Campaign\SourceAssets\InfantryCombat\Preview\DeathBack\0022.png'
PREVIEW_COMPLETE DeathBack
00:24.562  render           | Saved: 'R:\Onedrive\1864-Campaign\SourceAssets\InfantryCombat\Preview\ReloadStanding\0000.png'
00:24.656  render           | Saved: 'R:\Onedrive\1864-Campaign\SourceAssets\InfantryCombat\Preview\ReloadStanding\0001.png'
00:24.750  render           | Saved: 'R:\Onedrive\1864-Campaign\SourceAssets\InfantryCombat\Preview\ReloadStanding\0002.png'
00:24.828  render           | Saved: 'R:\Onedrive\1864-Campaign\SourceAssets\InfantryCombat\Preview\ReloadStanding\0003.png'
00:25.203  render           | Saved: 'R:\Onedrive\1864-Campaign\SourceAssets\InfantryCombat\Preview\ReloadStanding\0004.png'
00:25.296  render           | Saved: 'R:\Onedrive\1864-Campaign\SourceAssets\InfantryCombat\Preview\ReloadStanding\0005.png'
00:25.375  render           | Saved: 'R:\Onedrive\1864-Campaign\SourceAssets\InfantryCombat\Preview\ReloadStanding\0006.png'
00:25.468  render           | Saved: 'R:\Onedrive\1864-Campaign\SourceAssets\InfantryCombat\Preview\ReloadStanding\0007.png'
00:25.578  render           | Saved: 'R:\Onedrive\1864-Campaign\SourceAssets\InfantryCombat\Preview\ReloadStanding\0008.png'
00:25.656  render           | Saved: 'R:\Onedrive\1864-Campaign\SourceAssets\InfantryCombat\Preview\ReloadStanding\0009.png'
00:25.765  render           | Saved: 'R:\Onedrive\1864-Campaign\SourceAssets\InfantryCombat\Preview\ReloadStanding\0010.png'
00:25.859  render           | Saved: 'R:\Onedrive\1864-Campaign\SourceAssets\InfantryCombat\Preview\ReloadStanding\0011.png'
00:25.968  render           | Saved: 'R:\Onedrive\1864-Campaign\SourceAssets\InfantryCombat\Preview\ReloadStanding\0012.png'
00:26.046  render           | Saved: 'R:\Onedrive\1864-Campaign\SourceAssets\InfantryCombat\Preview\ReloadStanding\0013.png'
00:26.140  render           | Saved: 'R:\Onedrive\1864-Campaign\SourceAssets\InfantryCombat\Preview\ReloadStanding\0014.png'
00:26.234  render           | Saved: 'R:\Onedrive\1864-Campaign\SourceAssets\InfantryCombat\Preview\ReloadStanding\0015.png'
00:26.312  render           | Saved: 'R:\Onedrive\1864-Campaign\SourceAssets\InfantryCombat\Preview\ReloadStanding\0016.png'
00:26.406  render           | Saved: 'R:\Onedrive\1864-Campaign\SourceAssets\InfantryCombat\Preview\ReloadStanding\0017.png'
00:26.500  render           | Saved: 'R:\Onedrive\1864-Campaign\SourceAssets\InfantryCombat\Preview\ReloadStanding\0018.png'
00:26.578  render           | Saved: 'R:\Onedrive\1864-Campaign\SourceAssets\InfantryCombat\Preview\ReloadStanding\0019.png'
00:26.671  render           | Saved: 'R:\Onedrive\1864-Campaign\SourceAssets\InfantryCombat\Preview\ReloadStanding\0020.png'
00:26.765  render           | Saved: 'R:\Onedrive\1864-Campaign\SourceAssets\InfantryCombat\Preview\ReloadStanding\0021.png'
00:26.843  render           | Saved: 'R:\Onedrive\1864-Campaign\SourceAssets\InfantryCombat\Preview\ReloadStanding\0022.png'
00:26.921  render           | Saved: 'R:\Onedrive\1864-Campaign\SourceAssets\InfantryCombat\Preview\ReloadStanding\0023.png'
00:27.031  render           | Saved: 'R:\Onedrive\1864-Campaign\SourceAssets\InfantryCombat\Preview\ReloadStanding\0024.png'
00:27.109  render           | Saved: 'R:\Onedrive\1864-Campaign\SourceAssets\InfantryCombat\Preview\ReloadStanding\0025.png'
00:27.203  render           | Saved: 'R:\Onedrive\1864-Campaign\SourceAssets\InfantryCombat\Preview\ReloadStanding\0026.png'
00:27.281  render           | Saved: 'R:\Onedrive\1864-Campaign\SourceAssets\InfantryCombat\Preview\ReloadStanding\0027.png'
00:27.375  render           | Saved: 'R:\Onedrive\1864-Campaign\SourceAssets\InfantryCombat\Preview\ReloadStanding\0028.png'
00:27.468  render           | Saved: 'R:\Onedrive\1864-Campaign\SourceAssets\InfantryCombat\Preview\ReloadStanding\0029.png'
00:27.546  render           | Saved: 'R:\Onedrive\1864-Campaign\SourceAssets\InfantryCombat\Preview\ReloadStanding\0030.png'
00:27.625  render           | Saved: 'R:\Onedrive\1864-Campaign\SourceAssets\InfantryCombat\Preview\ReloadStanding\0031.png'
00:27.718  render           | Saved: 'R:\Onedrive\1864-Campaign\SourceAssets\InfantryCombat\Preview\ReloadStanding\0032.png'
00:27.796  render           | Saved: 'R:\Onedrive\1864-Campaign\SourceAssets\InfantryCombat\Preview\ReloadStanding\0033.png'
00:27.875  render           | Saved: 'R:\Onedrive\1864-Campaign\SourceAssets\InfantryCombat\Preview\ReloadStanding\0034.png'
00:27.953  render           | Saved: 'R:\Onedrive\1864-Campaign\SourceAssets\InfantryCombat\Preview\ReloadStanding\0035.png'
00:28.062  render           | Saved: 'R:\Onedrive\1864-Campaign\SourceAssets\InfantryCombat\Preview\ReloadStanding\0036.png'
00:28.140  render           | Saved: 'R:\Onedrive\1864-Campaign\SourceAssets\InfantryCombat\Preview\ReloadStanding\0037.png'
00:28.218  render           | Saved: 'R:\Onedrive\1864-Campaign\SourceAssets\InfantryCombat\Preview\ReloadStanding\0038.png'
00:28.296  render           | Saved: 'R:\Onedrive\1864-Campaign\SourceAssets\InfantryCombat\Preview\ReloadStanding\0039.png'
00:28.375  render           | Saved: 'R:\Onedrive\1864-Campaign\SourceAssets\InfantryCombat\Preview\ReloadStanding\0040.png'
00:28.453  render           | Saved: 'R:\Onedrive\1864-Campaign\SourceAssets\InfantryCombat\Preview\ReloadStanding\0041.png'
00:28.531  render           | Saved: 'R:\Onedrive\1864-Campaign\SourceAssets\InfantryCombat\Preview\ReloadStanding\0042.png'
00:28.609  render           | Saved: 'R:\Onedrive\1864-Campaign\SourceAssets\InfantryCombat\Preview\ReloadStanding\0043.png'
00:28.750  render           | Saved: 'R:\Onedrive\1864-Campaign\SourceAssets\InfantryCombat\Preview\ReloadStanding\0044.png'
00:28.843  render           | Saved: 'R:\Onedrive\1864-Campaign\SourceAssets\InfantryCombat\Preview\ReloadStanding\0045.png'
00:28.937  render           | Saved: 'R:\Onedrive\1864-Campaign\SourceAssets\InfantryCombat\Preview\ReloadStanding\0046.png'
00:29.015  render           | Saved: 'R:\Onedrive\1864-Campaign\SourceAssets\InfantryCombat\Preview\ReloadStanding\0047.png'
00:29.093  render           | Saved: 'R:\Onedrive\1864-Campaign\SourceAssets\InfantryCombat\Preview\ReloadStanding\0048.png'
00:29.171  render           | Saved: 'R:\Onedrive\1864-Campaign\SourceAssets\InfantryCombat\Preview\ReloadStanding\0049.png'
00:29.265  render           | Saved: 'R:\Onedrive\1864-Campaign\SourceAssets\InfantryCombat\Preview\ReloadStanding\0050.png'
00:29.343  render           | Saved: 'R:\Onedrive\1864-Campaign\SourceAssets\InfantryCombat\Preview\ReloadStanding\0051.png'
00:29.562  render           | Saved: 'R:\Onedrive\1864-Campaign\SourceAssets\InfantryCombat\Preview\ReloadStanding\0052.png'
00:29.640  render           | Saved: 'R:\Onedrive\1864-Campaign\SourceAssets\InfantryCombat\Preview\ReloadStanding\0053.png'
00:29.734  render           | Saved: 'R:\Onedrive\1864-Campaign\SourceAssets\InfantryCombat\Preview\ReloadStanding\0054.png'
00:29.828  render           | Saved: 'R:\Onedrive\1864-Campaign\SourceAssets\InfantryCombat\Preview\ReloadStanding\0055.png'
00:29.953  render           | Saved: 'R:\Onedrive\1864-Campaign\SourceAssets\InfantryCombat\Preview\ReloadStanding\0056.png'
00:30.046  render           | Saved: 'R:\Onedrive\1864-Campaign\SourceAssets\InfantryCombat\Preview\ReloadStanding\0057.png'
00:30.156  render           | Saved: 'R:\Onedrive\1864-Campaign\SourceAssets\InfantryCombat\Preview\ReloadStanding\0058.png'
00:30.265  render           | Saved: 'R:\Onedrive\1864-Campaign\SourceAssets\InfantryCombat\Preview\ReloadStanding\0059.png'
00:30.359  render           | Saved: 'R:\Onedrive\1864-Campaign\SourceAssets\InfantryCombat\Preview\ReloadStanding\0060.png'
00:30.468  render           | Saved: 'R:\Onedrive\1864-Campaign\SourceAssets\InfantryCombat\Preview\ReloadStanding\0061.png'
00:30.562  render           | Saved: 'R:\Onedrive\1864-Campaign\SourceAssets\InfantryCombat\Preview\ReloadStanding\0062.png'
00:30.640  render           | Saved: 'R:\Onedrive\1864-Campaign\SourceAssets\InfantryCombat\Preview\ReloadStanding\0063.png'
00:30.750  render           | Saved: 'R:\Onedrive\1864-Campaign\SourceAssets\InfantryCombat\Preview\ReloadStanding\0064.png'
00:30.843  render           | Saved: 'R:\Onedrive\1864-Campaign\SourceAssets\InfantryCombat\Preview\ReloadStanding\0065.png'
00:30.937  render           | Saved: 'R:\Onedrive\1864-Campaign\SourceAssets\InfantryCombat\Preview\ReloadStanding\0066.png'
00:31.015  render           | Saved: 'R:\Onedrive\1864-Campaign\SourceAssets\InfantryCombat\Preview\ReloadStanding\0067.png'
00:31.125  render           | Saved: 'R:\Onedrive\1864-Campaign\SourceAssets\InfantryCombat\Preview\ReloadStanding\0068.png'
PREVIEW_COMPLETE ReloadStanding
Blender 5.2.2 LTS (hash d13f752e3b9c built 2026-09-15 01:37:04)

Blender quit
